node_modules/next/dist/client/image-component.d.ts(1,8): error TS1259: Module '"C:/projetcs/vestrollprojects/vestroll/node_modules/@types/react/index"' can only be default-imported using the 'esModuleInterop' flag
node_modules/zod/v4/locales/index.d.cts(1,21): error TS1259: Module '"C:/projetcs/vestrollprojects/vestroll/node_modules/zod/v4/locales/ar"' can only be default-imported using the 'esModuleInterop' flag
node_modules/zod/v4/locales/index.d.cts(2,21): error TS1259: Module '"C:/projetcs/vestrollprojects/vestroll/node_modules/zod/v4/locales/az"' can only be default-imported using the 'esModuleInterop' flag
node_modules/zod/v4/locales/index.d.cts(3,21): error TS1259: Module '"C:/projetcs/vestrollprojects/vestroll/node_modules/zod/v4/locales/be"' can only be default-imported using the 'esModuleInterop' flag
node_modules/zod/v4/locales/index.d.cts(4,21): error TS1259: Module '"C:/projetcs/vestrollprojects/vestroll/node_modules/zod/v4/locales/ca"' can only be default-imported using the 'esModuleInterop' flag
node_modules/zod/v4/locales/index.d.cts(5,21): error TS1259: Module '"C:/projetcs/vestrollprojects/vestroll/node_modules/zod/v4/locales/cs"' can only be default-imported using the 'esModuleInterop' flag
node_modules/zod/v4/locales/index.d.cts(6,21): error TS1259: Module '"C:/projetcs/vestrollprojects/vestroll/node_modules/zod/v4/locales/da"' can only be default-imported using the 'esModuleInterop' flag
node_modules/zod/v4/locales/index.d.cts(7,21): error TS1259: Module '"C:/projetcs/vestrollprojects/vestroll/node_modules/zod/v4/locales/de"' can only be default-imported using the 'esModuleInterop' flag
node_modules/zod/v4/locales/index.d.cts(10,21): error TS1259: Module '"C:/projetcs/vestrollprojects/vestroll/node_modules/zod/v4/locales/es"' can only be default-imported using the 'esModuleInterop' flag
node_modules/zod/v4/locales/index.d.cts(11,21): error TS1259: Module '"C:/projetcs/vestrollprojects/vestroll/node_modules/zod/v4/locales/fa"' can only be default-imported using the 'esModuleInterop' flag
node_modules/zod/v4/locales/index.d.cts(12,21): error TS1259: Module '"C:/projetcs/vestrollprojects/vestroll/node_modules/zod/v4/locales/fi"' can only be default-imported using the 'esModuleInterop' flag
node_modules/zod/v4/locales/index.d.cts(13,21): error TS1259: Module '"C:/projetcs/vestrollprojects/vestroll/node_modules/zod/v4/locales/fr"' can only be default-imported using the 'esModuleInterop' flag
node_modules/zod/v4/locales/index.d.cts(14,21): error TS1259: Module '"C:/projetcs/vestrollprojects/vestroll/node_modules/zod/v4/locales/fr-CA"' can only be default-imported using the 'esModuleInterop' flag
node_modules/zod/v4/locales/index.d.cts(15,21): error TS1259: Module '"C:/projetcs/vestrollprojects/vestroll/node_modules/zod/v4/locales/he"' can only be default-imported using the 'esModuleInterop' flag
node_modules/zod/v4/locales/index.d.cts(16,21): error TS1259: Module '"C:/projetcs/vestrollprojects/vestroll/node_modules/zod/v4/locales/hu"' can only be default-imported using the 'esModuleInterop' flag
node_modules/zod/v4/locales/index.d.cts(17,21): error TS1259: Module '"C:/projetcs/vestrollprojects/vestroll/node_modules/zod/v4/locales/id"' can only be default-imported using the 'esModuleInterop' flag
node_modules/zod/v4/locales/index.d.cts(19,21): error TS1259: Module '"C:/projetcs/vestrollprojects/vestroll/node_modules/zod/v4/locales/it"' can only be default-imported using the 'esModuleInterop' flag
node_modules/zod/v4/locales/index.d.cts(20,21): error TS1259: Module '"C:/projetcs/vestrollprojects/vestroll/node_modules/zod/v4/locales/ja"' can only be default-imported using the 'esModuleInterop' flag
node_modules/zod/v4/locales/index.d.cts(22,21): error TS1259: Module '"C:/projetcs/vestrollprojects/vestroll/node_modules/zod/v4/locales/kh"' can only be default-imported using the 'esModuleInterop' flag
node_modules/zod/v4/locales/index.d.cts(23,21): error TS1259: Module '"C:/projetcs/vestrollprojects/vestroll/node_modules/zod/v4/locales/km"' can only be default-imported using the 'esModuleInterop' flag
node_modules/zod/v4/locales/index.d.cts(24,21): error TS1259: Module '"C:/projetcs/vestrollprojects/vestroll/node_modules/zod/v4/locales/ko"' can only be default-imported using the 'esModuleInterop' flag
node_modules/zod/v4/locales/index.d.cts(26,21): error TS1259: Module '"C:/projetcs/vestrollprojects/vestroll/node_modules/zod/v4/locales/mk"' can only be default-imported using the 'esModuleInterop' flag
node_modules/zod/v4/locales/index.d.cts(27,21): error TS1259: Module '"C:/projetcs/vestrollprojects/vestroll/node_modules/zod/v4/locales/ms"' can only be default-imported using the 'esModuleInterop' flag
node_modules/zod/v4/locales/index.d.cts(28,21): error TS1259: Module '"C:/projetcs/vestrollprojects/vestroll/node_modules/zod/v4/locales/nl"' can only be default-imported using the 'esModuleInterop' flag
node_modules/zod/v4/locales/index.d.cts(29,21): error TS1259: Module '"C:/projetcs/vestrollprojects/vestroll/node_modules/zod/v4/locales/no"' can only be default-imported using the 'esModuleInterop' flag
node_modules/zod/v4/locales/index.d.cts(30,21): error TS1259: Module '"C:/projetcs/vestrollprojects/vestroll/node_modules/zod/v4/locales/ota"' can only be default-imported using the 'esModuleInterop' flag
node_modules/zod/v4/locales/index.d.cts(31,21): error TS1259: Module '"C:/projetcs/vestrollprojects/vestroll/node_modules/zod/v4/locales/ps"' can only be default-imported using the 'esModuleInterop' flag
node_modules/zod/v4/locales/index.d.cts(32,21): error TS1259: Module '"C:/projetcs/vestrollprojects/vestroll/node_modules/zod/v4/locales/pl"' can only be default-imported using the 'esModuleInterop' flag
node_modules/zod/v4/locales/index.d.cts(33,21): error TS1259: Module '"C:/projetcs/vestrollprojects/vestroll/node_modules/zod/v4/locales/pt"' can only be default-imported using the 'esModuleInterop' flag
node_modules/zod/v4/locales/index.d.cts(34,21): error TS1259: Module '"C:/projetcs/vestrollprojects/vestroll/node_modules/zod/v4/locales/ru"' can only be default-imported using the 'esModuleInterop' flag
node_modules/zod/v4/locales/index.d.cts(35,21): error TS1259: Module '"C:/projetcs/vestrollprojects/vestroll/node_modules/zod/v4/locales/sl"' can only be default-imported using the 'esModuleInterop' flag
node_modules/zod/v4/locales/index.d.cts(36,21): error TS1259: Module '"C:/projetcs/vestrollprojects/vestroll/node_modules/zod/v4/locales/sv"' can only be default-imported using the 'esModuleInterop' flag
node_modules/zod/v4/locales/index.d.cts(37,21): error TS1259: Module '"C:/projetcs/vestrollprojects/vestroll/node_modules/zod/v4/locales/ta"' can only be default-imported using the 'esModuleInterop' flag
node_modules/zod/v4/locales/index.d.cts(38,21): error TS1259: Module '"C:/projetcs/vestrollprojects/vestroll/node_modules/zod/v4/locales/th"' can only be default-imported using the 'esModuleInterop' flag
node_modules/zod/v4/locales/index.d.cts(40,21): error TS1259: Module '"C:/projetcs/vestrollprojects/vestroll/node_modules/zod/v4/locales/ua"' can only be default-imported using the 'esModuleInterop' flag
node_modules/zod/v4/locales/index.d.cts(41,21): error TS1259: Module '"C:/projetcs/vestrollprojects/vestroll/node_modules/zod/v4/locales/uk"' can only be default-imported using the 'esModuleInterop' flag
node_modules/zod/v4/locales/index.d.cts(42,21): error TS1259: Module '"C:/projetcs/vestrollprojects/vestroll/node_modules/zod/v4/locales/ur"' can only be default-imported using the 'esModuleInterop' flag
node_modules/zod/v4/locales/index.d.cts(43,21): error TS1259: Module '"C:/projetcs/vestrollprojects/vestroll/node_modules/zod/v4/locales/vi"' can only be default-imported using the 'esModuleInterop' flag
node_modules/zod/v4/locales/index.d.cts(44,21): error TS1259: Module '"C:/projetcs/vestrollprojects/vestroll/node_modules/zod/v4/locales/zh-CN"' can only be default-imported using the 'esModuleInterop' flag
node_modules/zod/v4/locales/index.d.cts(45,21): error TS1259: Module '"C:/projetcs/vestrollprojects/vestroll/node_modules/zod/v4/locales/zh-TW"' can only be default-imported using the 'esModuleInterop' flag
node_modules/zod/v4/locales/index.d.cts(46,21): error TS1259: Module '"C:/projetcs/vestrollprojects/vestroll/node_modules/zod/v4/locales/yo"' can only be default-imported using the 'esModuleInterop' flag
src/components/features/contracts/ContractDetails.tsx(6,24): error TS2307: Cannot find module '@/components/shared/InputField' or its corresponding type declarations.
src/components/features/contracts/ContractDetails.tsx(7,22): error TS2307: Cannot find module '@/components/ui/dropdown' or its corresponding type declarations.
src/components/features/contracts/ContractDetails.tsx(296,5): error TS17004: Cannot use JSX unless the '--jsx' flag is provided.
src/components/features/contracts/ContractDetails.tsx(297,7): error TS17004: Cannot use JSX unless the '--jsx' flag is provided.
src/components/features/contracts/ContractDetails.tsx(300,7): error TS17004: Cannot use JSX unless the '--jsx' flag is provided.
src/components/features/contracts/ContractDetails.tsx(301,9): error TS17004: Cannot use JSX unless the '--jsx' flag is provided.
src/components/features/contracts/ContractDetails.tsx(308,9): error TS17004: Cannot use JSX unless the '--jsx' flag is provided.
src/components/features/contracts/ContractDetails.tsx(316,17): error TS17004: Cannot use JSX unless the '--jsx' flag is provided.
src/components/features/contracts/ContractDetails.tsx(321,5): error TS17004: Cannot use JSX unless the '--jsx' flag is provided.
src/components/features/contracts/ContractDetails.tsx(322,7): error TS17004: Cannot use JSX unless the '--jsx' flag is provided.
src/components/features/contracts/ContractDetails.tsx(325,7): error TS17004: Cannot use JSX unless the '--jsx' flag is provided.
src/components/features/contracts/ContractDetails.tsx(332,9): error TS17004: Cannot use JSX unless the '--jsx' flag is provided.
src/components/features/contracts/ContractDetails.tsx(333,9): error TS17004: Cannot use JSX unless the '--jsx' flag is provided.
src/components/features/contracts/ContractDetails.tsx(336,9): error TS17004: Cannot use JSX unless the '--jsx' flag is provided.
src/components/features/contracts/ContractDetails.tsx(337,9): error TS17004: Cannot use JSX unless the '--jsx' flag is provided.
src/components/features/contracts/ContractDetails.tsx(345,9): error TS17004: Cannot use JSX unless the '--jsx' flag is provided.
src/components/features/contracts/ContractDetails.tsx(353,9): error TS17004: Cannot use JSX unless the '--jsx' flag is provided.
src/components/features/contracts/ContractDetails.tsx(355,13): error TS17004: Cannot use JSX unless the '--jsx' flag is provided.
src/components/features/contracts/ContractDetails.tsx(359,15): error TS17004: Cannot use JSX unless the '--jsx' flag is provided.
src/components/features/contracts/ContractDetails.tsx(360,15): error TS17004: Cannot use JSX unless the '--jsx' flag is provided.
src/components/features/contracts/ContractDetails.tsx(364,17): error TS17004: Cannot use JSX unless the '--jsx' flag is provided.
src/components/features/contracts/ContractDetails.tsx(374,5): error TS17004: Cannot use JSX unless the '--jsx' flag is provided.
src/components/features/contracts/ContractDetails.tsx(376,7): error TS17004: Cannot use JSX unless the '--jsx' flag is provided.
src/components/features/contracts/ContractDetails.tsx(377,9): error TS17004: Cannot use JSX unless the '--jsx' flag is provided.
src/components/features/contracts/ContractDetails.tsx(378,11): error TS17004: Cannot use JSX unless the '--jsx' flag is provided.
src/components/features/contracts/ContractDetails.tsx(384,11): error TS17004: Cannot use JSX unless the '--jsx' flag is provided.
src/components/features/contracts/ContractDetails.tsx(392,9): error TS17004: Cannot use JSX unless the '--jsx' flag is provided.
src/components/features/contracts/ContractDetails.tsx(393,11): error TS17004: Cannot use JSX unless the '--jsx' flag is provided.
src/components/features/contracts/ContractDetails.tsx(403,11): error TS17004: Cannot use JSX unless the '--jsx' flag is provided.
src/components/features/contracts/ContractDetails.tsx(411,7): error TS17004: Cannot use JSX unless the '--jsx' flag is provided.
src/components/features/contracts/ContractDetails.tsx(412,9): error TS17004: Cannot use JSX unless the '--jsx' flag is provided.
src/components/features/contracts/ContractDetails.tsx(415,9): error TS17004: Cannot use JSX unless the '--jsx' flag is provided.
src/components/features/contracts/ContractDetails.tsx(416,11): error TS17004: Cannot use JSX unless the '--jsx' flag is provided.
src/components/features/contracts/ContractDetails.tsx(424,11): error TS17004: Cannot use JSX unless the '--jsx' flag is provided.
src/components/features/contracts/ContractDetails.tsx(425,13): error TS17004: Cannot use JSX unless the '--jsx' flag is provided.
src/components/features/contracts/ContractDetails.tsx(427,15): error TS17004: Cannot use JSX unless the '--jsx' flag is provided.
src/components/features/contracts/ContractDetails.tsx(431,13): error TS17004: Cannot use JSX unless the '--jsx' flag is provided.
src/components/features/contracts/ContractDetails.tsx(432,15): error TS17004: Cannot use JSX unless the '--jsx' flag is provided.
src/components/features/contracts/ContractDetails.tsx(433,17): error TS17004: Cannot use JSX unless the '--jsx' flag is provided.
src/components/features/contracts/ContractDetails.tsx(439,17): error TS17004: Cannot use JSX unless the '--jsx' flag is provided.
src/components/features/contracts/ContractDetails.tsx(445,21): error TS17004: Cannot use JSX unless the '--jsx' flag is provided.
src/components/features/contracts/ContractDetails.tsx(450,17): error TS17004: Cannot use JSX unless the '--jsx' flag is provided.
src/components/features/contracts/ContractDetails.tsx(451,19): error TS17004: Cannot use JSX unless the '--jsx' flag is provided.
src/components/features/contracts/ContractDetails.tsx(454,15): error TS17004: Cannot use JSX unless the '--jsx' flag is provided.
src/components/features/contracts/ContractDetails.tsx(461,30): error TS17004: Cannot use JSX unless the '--jsx' flag is provided.
src/components/features/contracts/ContractDetails.tsx(462,31): error TS17004: Cannot use JSX unless the '--jsx' flag is provided.
src/components/features/contracts/ContractDetails.tsx(467,9): error TS17004: Cannot use JSX unless the '--jsx' flag is provided.
src/components/features/contracts/ContractDetails.tsx(468,11): error TS17004: Cannot use JSX unless the '--jsx' flag is provided.
src/components/features/contracts/ContractDetails.tsx(471,11): error TS17004: Cannot use JSX unless the '--jsx' flag is provided.
src/components/features/contracts/ContractDetails.tsx(473,15): error TS17004: Cannot use JSX unless the '--jsx' flag is provided.
src/components/features/contracts/ContractDetails.tsx(493,7): error TS17004: Cannot use JSX unless the '--jsx' flag is provided.
src/components/features/contracts/ContractDetails.tsx(494,9): error TS17004: Cannot use JSX unless the '--jsx' flag is provided.
src/components/features/contracts/ContractDetails.tsx(497,9): error TS17004: Cannot use JSX unless the '--jsx' flag is provided.
src/components/features/contracts/ContractDetails.tsx(498,11): error TS17004: Cannot use JSX unless the '--jsx' flag is provided.
src/components/features/contracts/ContractDetails.tsx(506,11): error TS17004: Cannot use JSX unless the '--jsx' flag is provided.
src/components/features/contracts/ContractDetails.tsx(514,9): error TS17004: Cannot use JSX unless the '--jsx' flag is provided.
src/components/features/contracts/ContractDetails.tsx(515,11): error TS17004: Cannot use JSX unless the '--jsx' flag is provided.
src/components/features/contracts/ContractDetails.tsx(527,7): error TS17004: Cannot use JSX unless the '--jsx' flag is provided.
src/components/features/contracts/ContractDetails.tsx(528,9): error TS17004: Cannot use JSX unless the '--jsx' flag is provided.
src/components/features/contracts/ContractDetails.tsx(531,9): error TS17004: Cannot use JSX unless the '--jsx' flag is provided.
src/components/features/contracts/ContractDetails.tsx(532,11): error TS17004: Cannot use JSX unless the '--jsx' flag is provided.
src/components/features/contracts/ContractDetails.tsx(533,13): error TS17004: Cannot use JSX unless the '--jsx' flag is provided.
src/components/features/contracts/ContractDetails.tsx(534,15): error TS17004: Cannot use JSX unless the '--jsx' flag is provided.
src/components/features/contracts/ContractDetails.tsx(544,15): error TS17004: Cannot use JSX unless the '--jsx' flag is provided.
src/components/features/contracts/ContractDetails.tsx(551,19): error TS17004: Cannot use JSX unless the '--jsx' flag is provided.
src/components/features/contracts/ContractDetails.tsx(554,15): error TS17004: Cannot use JSX unless the '--jsx' flag is provided.
src/components/features/contracts/ContractDetails.tsx(558,13): error TS17004: Cannot use JSX unless the '--jsx' flag is provided.
src/components/features/contracts/ContractDetails.tsx(559,15): error TS17004: Cannot use JSX unless the '--jsx' flag is provided.
src/components/features/contracts/ContractDetails.tsx(569,15): error TS17004: Cannot use JSX unless the '--jsx' flag is provided.
src/components/features/contracts/ContractDetails.tsx(576,19): error TS17004: Cannot use JSX unless the '--jsx' flag is provided.
src/components/features/contracts/ContractDetails.tsx(579,15): error TS17004: Cannot use JSX unless the '--jsx' flag is provided.
src/components/features/contracts/ContractDetails.tsx(584,11): error TS17004: Cannot use JSX unless the '--jsx' flag is provided.
src/components/features/contracts/ContractDetails.tsx(587,11): error TS17004: Cannot use JSX unless the '--jsx' flag is provided.
src/components/features/contracts/ContractDetails.tsx(588,13): error TS17004: Cannot use JSX unless the '--jsx' flag is provided.
src/components/features/contracts/ContractDetails.tsx(596,13): error TS17004: Cannot use JSX unless the '--jsx' flag is provided.
src/components/features/contracts/ContractDetails.tsx(611,7): error TS17004: Cannot use JSX unless the '--jsx' flag is provided.
src/components/features/contracts/ContractDetails.tsx(612,9): error TS17004: Cannot use JSX unless the '--jsx' flag is provided.
src/components/features/contracts/ContractDetails.tsx(615,9): error TS17004: Cannot use JSX unless the '--jsx' flag is provided.
src/components/features/contracts/ContractDetails.tsx(616,11): error TS17004: Cannot use JSX unless the '--jsx' flag is provided.
src/components/features/contracts/ContractDetails.tsx(624,11): error TS17004: Cannot use JSX unless the '--jsx' flag is provided.
src/components/features/contracts/ContractDetails.tsx(633,9): error TS17004: Cannot use JSX unless the '--jsx' flag is provided.
src/components/features/contracts/ContractDetails.tsx(643,7): error TS17004: Cannot use JSX unless the '--jsx' flag is provided.
src/components/features/contracts/ContractDetails.tsx(644,9): error TS17004: Cannot use JSX unless the '--jsx' flag is provided.
src/components/features/contracts/ContractDetails.tsx(647,9): error TS17004: Cannot use JSX unless the '--jsx' flag is provided.
src/components/features/contracts/ContractDetails.tsx(648,11): error TS17004: Cannot use JSX unless the '--jsx' flag is provided.
src/components/features/contracts/ContractDetails.tsx(656,11): error TS17004: Cannot use JSX unless the '--jsx' flag is provided.
src/components/features/contracts/ContractDetails.tsx(668,7): error TS17004: Cannot use JSX unless the '--jsx' flag is provided.
src/components/features/contracts/ContractDetails.tsx(669,9): error TS17004: Cannot use JSX unless the '--jsx' flag is provided.
src/components/features/contracts/ContractDetails.tsx(672,9): error TS17004: Cannot use JSX unless the '--jsx' flag is provided.
src/components/features/contracts/ContractDetails.tsx(673,11): error TS17004: Cannot use JSX unless the '--jsx' flag is provided.
src/components/features/contracts/ContractDetails.tsx(683,11): error TS17004: Cannot use JSX unless the '--jsx' flag is provided.
src/components/features/contracts/ContractDetails.tsx(695,7): error TS17004: Cannot use JSX unless the '--jsx' flag is provided.
src/components/features/contracts/ContractDetails.tsx(696,9): error TS17004: Cannot use JSX unless the '--jsx' flag is provided.
src/components/features/contracts/ContractDetails.tsx(697,11): error TS17004: Cannot use JSX unless the '--jsx' flag is provided.
src/components/features/contracts/ContractDetails.tsx(700,11): error TS17004: Cannot use JSX unless the '--jsx' flag is provided.
src/components/features/contracts/ContractDetails.tsx(709,11): error TS17004: Cannot use JSX unless the '--jsx' flag is provided.
src/components/features/contracts/ContractDetails.tsx(713,11): error TS17004: Cannot use JSX unless the '--jsx' flag is provided.
src/components/features/contracts/ContractDetails.tsx(715,15): error TS17004: Cannot use JSX unless the '--jsx' flag is provided.
src/components/features/contracts/ContractDetails.tsx(719,17): error TS17004: Cannot use JSX unless the '--jsx' flag is provided.
src/components/features/contracts/ContractDetails.tsx(720,19): error TS17004: Cannot use JSX unless the '--jsx' flag is provided.
src/components/features/contracts/ContractDetails.tsx(723,19): error TS17004: Cannot use JSX unless the '--jsx' flag is provided.
src/components/features/contracts/ContractDetails.tsx(727,21): error TS17004: Cannot use JSX unless the '--jsx' flag is provided.
src/components/features/contracts/ContractDetails.tsx(730,17): error TS17004: Cannot use JSX unless the '--jsx' flag is provided.
src/components/features/contracts/ContractDetails.tsx(731,19): error TS17004: Cannot use JSX unless the '--jsx' flag is provided.
src/components/features/contracts/ContractDetails.tsx(741,19): error TS17004: Cannot use JSX unless the '--jsx' flag is provided.
src/components/features/contracts/ContractDetails.tsx(751,19): error TS17004: Cannot use JSX unless the '--jsx' flag is provided.
src/components/features/contracts/ContractDetails.tsx(752,21): error TS17004: Cannot use JSX unless the '--jsx' flag is provided.
src/components/features/contracts/ContractDetails.tsx(767,19): error TS17004: Cannot use JSX unless the '--jsx' flag is provided.
src/components/features/contracts/ContractDetails.tsx(783,7): error TS17004: Cannot use JSX unless the '--jsx' flag is provided.
